// Jest Snapshot v1, https://goo.gl/fbAQLP

exports[`CurrencySettings should render 1`] = `
<SceneWrapper
  background="theme"
  hasTabs={false}
>
  <ScrollView>
    <WithTheme(SettingsHeaderRowComponent)
      text="Denominations"
    />
    <WithTheme(SettingsRadioRowComponent)
      icon={
        <Text
          style={
            Object {
              "color": "#FFFFFF",
              "flexShrink": 1,
              "fontFamily": "SourceSansPro-Black",
              "fontSize": 22,
              "textAlign": "left",
            }
          }
        >
          <Text
            style={
              Object {
                "fontFamily": "SourceSansPro-Black",
              }
            }
          >
            ₿
          </Text>
           - 
          BTG
        </Text>
      }
      onPress={[Function]}
      text=""
      value={false}
    />
    <WithTheme(SettingsRadioRowComponent)
      icon={
        <Text
          style={
            Object {
              "color": "#FFFFFF",
              "flexShrink": 1,
              "fontFamily": "SourceSansPro-Black",
              "fontSize": 22,
              "textAlign": "left",
            }
          }
        >
          <Text
            style={
              Object {
                "fontFamily": "SourceSansPro-Black",
              }
            }
          >
            m₿
          </Text>
           - 
          mBTG
        </Text>
      }
      onPress={[Function]}
      text=""
      value={false}
    />
    <WithTheme(SettingsRadioRowComponent)
      icon={
        <Text
          style={
            Object {
              "color": "#FFFFFF",
              "flexShrink": 1,
              "fontFamily": "SourceSansPro-Black",
              "fontSize": 22,
              "textAlign": "left",
            }
          }
        >
          <Text
            style={
              Object {
                "fontFamily": "SourceSansPro-Black",
              }
            }
          >
            ƀ
          </Text>
           - 
          bits
        </Text>
      }
      onPress={[Function]}
      text=""
      value={true}
    />
  </ScrollView>
</SceneWrapper>
`;
